// Jest Snapshot v1, https://goo.gl/fbAQLP

exports[`test App.js File  1`] = `
<div>
  <AppRouter />
</div>
`;
